[backblue.gif]
[fade.gif]
[index.html]
[www.codeslinger.co.uk/index.html]
[www.codeslinger.co.uk/css.css]
[www.codeslinger.co.uk/print.css]
[www.codeslinger.co.uk/index-2.html]
[www.codeslinger.co.uk/pages/basics.html]
[www.codeslinger.co.uk/pages/projects/zuko.html]
[www.codeslinger.co.uk/pages/projects/megadrive.html]
[www.codeslinger.co.uk/pages/projects/mastersystem.html]
[www.codeslinger.co.uk/pages/projects/gameboy.html]
[www.codeslinger.co.uk/pages/projects/chip8.html]
[www.codeslinger.co.uk/pages/blog/index.html]
[www.codeslinger.co.uk/images/corner2.gif]
[www.codeslinger.co.uk/images/corner.gif]
[www.codeslinger.co.uk/images/front.jpg]
[www.codeslinger.co.uk/images/gang.html]
[www.codeslinger.co.uk/index-3.html]
[www.codeslinger.co.uk/files/emu.pdf]
[www.codeslinger.co.uk/pages/projects/mastersystem/images/sonic.png]
[www.codeslinger.co.uk/pages/projects/mastersystem/images/phantasy.png]
[www.codeslinger.co.uk/pages/projects/mastersystem/images/alexnew.png]
[www.codeslinger.co.uk/pages/projects/mastersystem/images/ecco.png]
[www.codeslinger.co.uk/pages/projects/mastersystem/images/lemmings.png]
[www.codeslinger.co.uk/pages/projects/mastersystem/images/roadrash.png]
[www.codeslinger.co.uk/pages/projects/mastersystem/images/paperboy.png]
[www.codeslinger.co.uk/pages/projects/mastersystem/images/goldenaxe.png]
[www.codeslinger.co.uk/pages/projects/mastersystem/images/f16-1.png]
[www.codeslinger.co.uk/pages/projects/mastersystem/images/f16-2.png]
[www.codeslinger.co.uk/pages/projects/mastersystem/images/mk2.png]
[www.codeslinger.co.uk/pages/projects/mastersystem/images/simpsons.png]
[www.codeslinger.co.uk/pages/projects/mastersystem/resources.html]
[www.codeslinger.co.uk/pages/projects/mastersystem/hardware.html]
[www.codeslinger.co.uk/pages/projects/mastersystem/starting.html]
[www.codeslinger.co.uk/pages/projects/mastersystem/memory.html]
[www.codeslinger.co.uk/pages/projects/mastersystem/z80.html]
[www.codeslinger.co.uk/pages/projects/mastersystem/vdp.html]
[www.codeslinger.co.uk/pages/projects/mastersystem/joypads.html]
[www.codeslinger.co.uk/pages/projects/mastersystem/interrupts.html]
[www.codeslinger.co.uk/pages/projects/mastersystem/sound.html]
[www.codeslinger.co.uk/pages/projects/mastersystem/finished.html]
[www.codeslinger.co.uk/pages/projects/gameboy/files/gbsource.zip]
[www.codeslinger.co.uk/pages/projects/gameboy/files/GB.pdf]
[www.codeslinger.co.uk/pages/projects/gameboy/images/tetrismain.png]
[www.codeslinger.co.uk/pages/projects/gameboy/images/tetris.png]
[www.codeslinger.co.uk/pages/projects/gameboy/images/bubble.png]
[www.codeslinger.co.uk/pages/projects/gameboy/images/mario.png]
[www.codeslinger.co.uk/pages/projects/gameboy/images/mario2.png]
[www.codeslinger.co.uk/pages/projects/gameboy/images/linksawake1.png]
[www.codeslinger.co.uk/pages/projects/gameboy/images/linksawake2.png]
[www.codeslinger.co.uk/pages/projects/gameboy/images/linksawake3.png]
[www.codeslinger.co.uk/pages/projects/gameboy/images/linksawake4.png]
[www.codeslinger.co.uk/pages/projects/gameboy/beginning.html]
[www.codeslinger.co.uk/pages/projects/gameboy/hardware.html]
[www.codeslinger.co.uk/pages/projects/gameboy/memory.html]
[www.codeslinger.co.uk/pages/projects/gameboy/banking.html]
[www.codeslinger.co.uk/pages/projects/gameboy/timers.html]
[www.codeslinger.co.uk/pages/projects/gameboy/interupts.html]
[www.codeslinger.co.uk/pages/projects/gameboy/lcd.html]
[www.codeslinger.co.uk/pages/projects/gameboy/dma.html]
[www.codeslinger.co.uk/pages/projects/gameboy/graphics.html]
[www.codeslinger.co.uk/pages/projects/gameboy/joypad.html]
[www.codeslinger.co.uk/pages/projects/gameboy/opcodes.html]
[www.codeslinger.co.uk/pages/projects/gameboy/finished.html]
[www.codeslinger.co.uk/pages/projects/chip8/hardware.html]
[www.codeslinger.co.uk/pages/projects/chip8/fetchdecode.html]
[www.codeslinger.co.uk/pages/projects/chip8/examples.html]
[www.codeslinger.co.uk/pages/projects/chip8/primitive.html]
[www.codeslinger.co.uk/pages/projects/chip8/mychip8.html]
[www.codeslinger.co.uk/pages/blog/blog/index.html]
[codeslinger.co.uk/pages/blog/wordpress/index.html]
[www.codeslinger.co.uk/pages/projects/mastersystem/files/z80-1.txt]
[www.codeslinger.co.uk/pages/projects/mastersystem/files/Z80.DOC]
[www.codeslinger.co.uk/pages/projects/mastersystem/snippet_vdp_sprites.txt]
[www.codeslinger.co.uk/pages/projects/mastersystem/snippet_vdp_tiles.txt]
[www.codeslinger.co.uk/pages/projects/mastersystem/snippet_psg_write.txt]
[www.codeslinger.co.uk/pages/projects/mastersystem/files/SMS-Slinger_WindowsBinary.zip]
[www.codeslinger.co.uk/pages/projects/mastersystem/files/SMS-Slinger_Source.zip]
[www.codeslinger.co.uk/pages/projects/gameboy/Banking-2.html]
[www.codeslinger.co.uk/pages/projects/chip8/files/Chip8Src.zip]
[www.codeslinger.co.uk/pages/projects/chip8/images/invadersintro.png]
[www.codeslinger.co.uk/pages/projects/chip8/images/invaders.png]
[www.codeslinger.co.uk/pages/projects/chip8/images/tetris.png]
[www.codeslinger.co.uk/pages/projects/chip8/images/wipeoff.png]
[www.codeslinger.co.uk/pages/projects/chip8/images/tictac.png]
[codeslinger.co.uk/pages/blog/wordpress/wp-content/themes/default/style.css]
[codeslinger.co.uk/pages/blog/wordpress/indexd784.html]
[codeslinger.co.uk/pages/blog/wordpress/xmlrpc.html]
[codeslinger.co.uk/pages/blog/wordpress/wp-content/themes/default/images/kubrickbgwide.jpg]
[codeslinger.co.uk/pages/blog/wordpress/xmlrpc0db0.php]
[codeslinger.co.uk/pages/blog/wordpress/wp-includes/wlwmanifest.xml]
[codeslinger.co.uk/pages/blog/wordpress/index5643.html]
[codeslinger.co.uk/pages/blog/wordpress/indexb31a.html]
[codeslinger.co.uk/pages/blog/wordpress/index3c55.html]
[codeslinger.co.uk/pages/blog/wordpress/index81ea.html]
[codeslinger.co.uk/pages/blog/wordpress/index1c4a.html]
[codeslinger.co.uk/pages/blog/wordpress/index88b9.html]
[codeslinger.co.uk/pages/blog/wordpress/indexaa1e.html]
[codeslinger.co.uk/pages/blog/wordpress/index970c.html]
[codeslinger.co.uk/pages/blog/wordpress/index2cf9.html]
[codeslinger.co.uk/pages/blog/wordpress/index40a0.html]
[codeslinger.co.uk/pages/blog/wordpress/index3965.html]
[codeslinger.co.uk/pages/blog/wordpress/index341b.html]
[codeslinger.co.uk/pages/blog/wordpress/wp-includes/images/smilies/icon_smile.gif]
[codeslinger.co.uk/pages/blog/wordpress/index5831.html]
[codeslinger.co.uk/pages/blog/wordpress/index6146.html]
[codeslinger.co.uk/pages/blog/wordpress/indexd189.html]
[codeslinger.co.uk/pages/blog/wordpress/indexc36d.html]
[codeslinger.co.uk/pages/blog/wordpress/index17e8.html]
[codeslinger.co.uk/pages/blog/wordpress/index10a5.html]
[codeslinger.co.uk/pages/blog/wordpress/index8988.html]
[codeslinger.co.uk/pages/blog/wordpress/index7866.html]
[codeslinger.co.uk/pages/blog/wordpress/index55f6.html]
[codeslinger.co.uk/pages/blog/wordpress/indexa7bc.html]
[codeslinger.co.uk/pages/blog/wordpress/indexe77c.html]
[codeslinger.co.uk/pages/blog/wordpress/indexcffc.html]
[codeslinger.co.uk/pages/blog/wordpress/index0e62.html]
[codeslinger.co.uk/pages/blog/wordpress/indexb946.html]
[codeslinger.co.uk/pages/blog/wordpress/wp-login.html]
[codeslinger.co.uk/pages/blog/wordpress/indexa6da.html]
[codeslinger.co.uk/pages/blog/wordpress/wp-content/themes/default/images/kubrickbgcolor.jpg]
[codeslinger.co.uk/pages/blog/wordpress/wp-content/themes/default/images/kubrickheader.jpg]
[codeslinger.co.uk/pages/blog/wordpress/wp-content/themes/default/images/kubrickfooter.jpg]
[codeslinger.co.uk/pages/blog/wordpress/index2745.html]
[codeslinger.co.uk/pages/blog/wordpress/index5757.html]
[codeslinger.co.uk/pages/blog/wordpress/index2207.html]
[codeslinger.co.uk/pages/blog/wordpress/index0588.html]
[codeslinger.co.uk/pages/blog/wordpress/wp-includes/images/smilies/icon_wink.gif]
[codeslinger.co.uk/pages/blog/wordpress/index2df4.html]
[codeslinger.co.uk/pages/blog/wordpress/indexc4f7.html]
[codeslinger.co.uk/pages/blog/wordpress/index42dc.html]
[codeslinger.co.uk/pages/blog/wordpress/examples/divider.txt]
[codeslinger.co.uk/pages/blog/wordpress/index5c7e.html]
[codeslinger.co.uk/pages/blog/wordpress/examples/timer.txt]
[codeslinger.co.uk/pages/blog/wordpress/indexe338.html]
[codeslinger.co.uk/pages/blog/wordpress/index8956.html]
[codeslinger.co.uk/pages/blog/wordpress/index6bbf.html]
[codeslinger.co.uk/pages/blog/wordpress/index0735.html]
[codeslinger.co.uk/pages/blog/wordpress/indexd8eb.html]
[codeslinger.co.uk/pages/blog/wordpress/index0e62-2.html]
[codeslinger.co.uk/pages/blog/wordpress/indexa1ca.html]
[www.codeslinger.co.uk/pages/projects/mastersystem/images/alex.png]
[www.codeslinger.co.uk/pages/projects/mastersystem/images/columns.png]
[codeslinger.co.uk/pages/blog/wordpress/index15f5.html]
[codeslinger.co.uk/pages/blog/wordpress/indexfa2a.html]
[codeslinger.co.uk/pages/blog/wordpress/index02cb.html]
[codeslinger.co.uk/pages/blog/wordpress/indexc6eb.html]
[codeslinger.co.uk/pages/blog/wordpress/index001f.html]
[codeslinger.co.uk/pages/blog/wordpress/index63fc.html]
[codeslinger.co.uk/pages/blog/wordpress/index0b69.html]
[www.codeslinger.co.uk/pages/projects/mastersystem/images/zexall.png]
[codeslinger.co.uk/pages/blog/wordpress/index678b.html]
[www.codeslinger.co.uk/pages/projects/mastersystem/images/greatsoccer.png]
[www.codeslinger.co.uk/pages/projects/mastersystem/images/ghosthouse.png]
[codeslinger.co.uk/pages/blog/wordpress/index64b4.html]
[codeslinger.co.uk/pages/blog/wordpress/indexb5fb.html]
[codeslinger.co.uk/pages/blog/wordpress/index8a68.html]
[codeslinger.co.uk/pages/blog/wordpress/wp-admin/css/logina29f.css]
[codeslinger.co.uk/pages/blog/wordpress/wp-admin/css/colors-fresha29f.css]
[codeslinger.co.uk/pages/blog/wordpress/wp-loginc2b6.html]
[codeslinger.co.uk/pages/blog/wordpress/indexa9b6.html]
[codeslinger.co.uk/pages/blog/wordpress/indexe616.html]
[codeslinger.co.uk/pages/blog/wordpress/indexf0a1.html]
[codeslinger.co.uk/pages/blog/wordpress/indexaf44.html]
[codeslinger.co.uk/pages/blog/wordpress/index1d26.html]
[codeslinger.co.uk/pages/blog/wordpress/index197c.html]
[codeslinger.co.uk/pages/blog/wordpress/index806e.html]
[codeslinger.co.uk/pages/blog/wordpress/index4d88.html]
[codeslinger.co.uk/pages/blog/wordpress/index2231.html]
[codeslinger.co.uk/pages/blog/wordpress/index2466.html]
[codeslinger.co.uk/pages/blog/wordpress/index07c9.html]
[codeslinger.co.uk/pages/blog/wordpress/indexebe7.html]
[codeslinger.co.uk/pages/blog/wordpress/index5045.html]
[codeslinger.co.uk/pages/blog/wordpress/index57a0.html]
[codeslinger.co.uk/pages/blog/wordpress/wp-admin/images/logo-login.gif]
[codeslinger.co.uk/pages/blog/wordpress/wp-admin/images/bubble_bg.gif]
[codeslinger.co.uk/pages/blog/wordpress/wp-admin/images/comment-stalk-fresh.gif]
[codeslinger.co.uk/pages/blog/wordpress/wp-admin/images/fade-butt.png]
[codeslinger.co.uk/pages/blog/wordpress/wp-admin/images/logo-ghost.png]
[codeslinger.co.uk/pages/blog/wordpress/wp-admin/images/toggle-arrow.gif]
[codeslinger.co.uk/pages/blog/wordpress/wp-admin/images/xit.gif]
